C251 COMPILER V5.60.0,  PID                                                                27/05/25  18:52:57  PAGE 1   


C251 COMPILER V5.60.0, COMPILATION OF MODULE PID
OBJECT MODULE PLACED IN .\Out_File\PID.obj
COMPILER INVOKED BY: d:\Keil_v5\C251\BIN\C251.EXE ..\USER\src\PID.c XSMALL INTR2 WARNINGLEVEL(3) OPTIMIZE(5,SPEED) BROWS
                    -E INCDIR(..\..\Libraries\libraries;..\..\Libraries\seekfree_libraries;..\..\Libraries\seekfree_peripheral;..\CODE;..\USE
                    -R\inc;..\USER\src;..\..\vofa+) DEBUG PRINT(.\Out_File\PID.lst) OBJECT(.\Out_File\PID.obj) 

stmt  level    source

    1          #include "PID.h"
    2          #include "math.h"
    3          /************************************************
    4          函数名：IncPIDInit(PID *sptr)
    5          功  能：PID参数初始化
    6          参  数：
    7          返回值：void
    8          ************************************************/
    9          void IncPIDInit(PID *sptr)
   10          {
   11   1          sptr->SumError = 0;
   12   1          sptr->LastError = 0;
   13   1          sptr->LLastError = 0;
   14   1      
   15   1          sptr->Kp = 0;
   16   1          sptr->Ki = 0;
   17   1          sptr->Kd = 0;
   18   1      }
   19          
   20          /************************************************
   21          函数名：LocP_DCalc(PID *sptr,int16 Setpoint,int16 Turepoint)
   22          功  能：位置式PID控制
   23          参  数：PID *sptr,int16 Setpoint,int16 Turepoint
   24          返回值：float
   25          ************************************************/
   26          int16 LocP_DCalc(PID *sptr, int16 Setpoint, int16 Turepoint)
   27          {
   28   1          int16 iError, dError;
   29   1          int16 output;
   30   1      
   31   1          iError = Setpoint - Turepoint;                // 偏差
   32   1          sptr->SumError += iError;                     // 积分(由于时间较短时，可能一次并不执
             -行完一次微分，积累大的误差)
   33   1          dError = (int16)(iError - (sptr->LastError)); // 微分
   34   1          sptr->LastError = iError;
   35   1          if (sptr->SumError > 2000)
   36   1              sptr->SumError = 2000; // 积分限幅
   37   1          if (sptr->SumError < -2000)
   38   1              sptr->SumError = -2000;
   39   1          output = (int16)(sptr->Kp * iError             // 比例项
   40   1                           + (sptr->Ki * sptr->SumError) // 积分项
   41   1                           + sptr->Kd * dError);         // 微分项
   42   1          return (output);
   43   1      }
   44          
   45          /************************************************
   46          函数名：PlacePID_Control(PID *sptr, int16 Setpoint,int16 Turepiont)
   47          功  能：动态位置式PID控制 (一般用于转向控制)
   48          参  数：PID *sptr,int16 Setpoint,int16 Turepoint
   49          返回值：int32 Actual
   50          ************************************************/
   51          int16 PlacePID_Control(PID *sptr, int16 Setpoint, int16 Turepiont)
   52          {
   53   1          int16 iError, Actual;
   54   1          float KP; // 动态P，注意与Kp区分
   55   1      
   56   1          iError = Setpoint - Turepiont;
C251 COMPILER V5.60.0,  PID                                                                27/05/25  18:52:57  PAGE 2   

   57   1          KP = (iError)*sptr->Ki + sptr->Kp; // 动态P的计算
   58   1          // sptr->SumError+=iError;
   59   1      
   60   1          Actual = KP * iError + sptr->Kd * (iError - sptr->LastError);
   61   1      
   62   1          sptr->LastError = iError;
   63   1          return Actual;
   64   1      }
   65          
   66          /************************************************
   67          函数名：LocP_DCalc(PID *sptr,int16 Setpoint,int16 Turepoint)
   68          功  能：D型位置式PID控制，带角速度项
   69          参  数：PID *sptr,int16 Setpoint,int16 Turepoint
   70          返回值：float
   71          ************************************************/
   72          float PID_Turn_DT(PID *sptr, float Error, int16 Gory_z)
   73          {
   74   1          uint8 enable_Kd;
   75   1          float output;
   76   1      
   77   1          if (fabs(Error) < 2)
   78   1          {
   79   2              enable_Kd = 1;
   80   2          }
   81   1          else
   82   1          {
   83   2              enable_Kd = 0;
   84   2          }
   85   1      
   86   1          output = sptr->Kp * Error                                   // 比例项(动态p)
   87   1                   + enable_Kd * sptr->Kd * (Error - sptr->LastError) // 微分项
   88   1                   + sptr->K_gory * Gory_z;                           // 角速度项
   89   1      
   90   1          sptr->LastError = Error;
   91   1      
   92   1          return (output);
   93   1      }
   94          
   95          /************************************************
   96          函数名：IncPIDCalc(PID *sptr,float Setpoint,float Turepoint,float Kf)
   97          功  能：增量式PID控制
   98          参  数：PID *sptr,float Setpoint,float Turepoint,float Kf
   99          返回值：int32 iIncpid
  100          ************************************************/
  101          int32 IncPIDCalc(PID *sptr, float Setpoint, float Turepoint, float Kf)
  102          {
  103   1          uint8 enable_Ki;
  104   1          float Error, output;
  105   1          static float LastSetpoint = 0;
  106   1          // 当前误差
  107   1          Error = Setpoint - Turepoint; // 偏差
  108   1      
  109   1          if (fabs(Error) < 10)
  110   1          {
  111   2              enable_Ki = 1;
  112   2          }
  113   1          else
  114   1          {
  115   2              enable_Ki = 0;
  116   2          }
  117   1      
  118   1          output = sptr->Kp * (Error - sptr->LastError) + enable_Ki * sptr->Ki * Error + Kf * (Setpoint - LastS
             -etpoint);
  119   1      
  120   1          sptr->LastError = Error;
  121   1          LastSetpoint = Setpoint;
C251 COMPILER V5.60.0,  PID                                                                27/05/25  18:52:57  PAGE 3   

  122   1          return (output);
  123   1      }


Module Information          Static   Overlayable
------------------------------------------------
  code size            =       660     ------
  ecode size           =    ------     ------
  data size            =    ------     ------
  idata size           =    ------     ------
  pdata size           =    ------     ------
  xdata size           =    ------     ------
  xdata-const size     =    ------     ------
  edata size           =         4         24
  bit size             =    ------     ------
  ebit size            =    ------     ------
  bitaddressable size  =    ------     ------
  ebitaddressable size =    ------     ------
  far data size        =    ------     ------
  huge data size       =    ------     ------
  const size           =    ------     ------
  hconst size          =         8     ------
End of Module Information.


C251 COMPILATION COMPLETE.  0 WARNING(S),  0 ERROR(S)
